### layer0
输出张量                               fp16 幅度     int8 幅度     相对误差     
x                                  0.0027      0.0023      0.3986   
v_first                            0.0107      0.0106      0.5139   
att_shift_out_0                    0.0175      0.0175      0.0000   
ffn_shift_out_0                    0.1553      0.1545      0.2435   
wkv_out_0                          0.0010      0.0010      0.2010   
最大相对误差 0.5139
### layer1
输出张量                               fp16 幅度     int8 幅度     相对误差     
x                                  0.0025      0.0027      0.1677   
v_first                            0.0185      0.0185      0.0000   
att_shift_out_0                    0.4161      0.4161      0.0000   
ffn_shift_out_0                    0.1955      0.1954      0.0964   
wkv_out_0                          0.0270      0.0270      0.0178   
最大相对误差 0.1677
### layer2
输出张量                               fp16 幅度     int8 幅度     相对误差     
x                                  0.0028      0.0030      0.2150   
v_first                            0.0185      0.0185      0.0000   
att_shift_out_0                    0.4184      0.4184      0.0000   
ffn_shift_out_0                    0.2224      0.2221      0.0490   
wkv_out_0                          0.0192      0.0183      0.0906   
最大相对误差 0.2150
### layer3
输出张量                               fp16 幅度     int8 幅度     相对误差     
x                                  0.0068      0.0043      0.5153   
v_first                            0.0185      0.0185      0.0000   
att_shift_out_0                    0.4765      0.4765      0.0000   
ffn_shift_out_0                    0.2438      0.2441      0.0885   
wkv_out_0                          0.0299      0.0274      0.1539   
最大相对误差 0.5153
### layer4
输出张量                               fp16 幅度     int8 幅度     相对误差     
x                                  0.0092      0.0095      0.1481   
v_first                            0.0185      0.0185      0.0000   
att_shift_out_0                    0.3767      0.3767      0.0000   
ffn_shift_out_0                    0.2152      0.2194      0.1469   
wkv_out_0                          0.0345      0.0210      0.4716   
最大相对误差 0.4716
### layer5
输出张量                               fp16 幅度     int8 幅度     相对误差     
x                                  0.0095      0.0093      0.1315   
v_first                            0.0185      0.0185      0.0000   
att_shift_out_0                    0.3721      0.3721      0.0000   
ffn_shift_out_0                    0.2111      0.2124      0.1236   
wkv_out_0                          0.0287      0.0200      0.4062   
最大相对误差 0.4062
### layer6
输出张量                               fp16 幅度     int8 幅度     相对误差     
x                                  0.0100      0.0099      0.1173   
v_first                            0.0185      0.0185      0.0000   
att_shift_out_0                    0.3501      0.3501      0.0000   
ffn_shift_out_0                    0.2114      0.2114      0.0947   
wkv_out_0                          0.0368      0.0251      0.3915   
最大相对误差 0.3915
### layer7
输出张量                               fp16 幅度     int8 幅度     相对误差     
x                                  0.0102      0.0105      0.3067   
v_first                            0.0185      0.0185      0.0000   
att_shift_out_0                    0.3861      0.3861      0.0000   
ffn_shift_out_0                    0.2341      0.2456      0.2703   
wkv_out_0                          0.0584      0.0419      0.3549   
最大相对误差 0.3549
### layer8
输出张量                               fp16 幅度     int8 幅度     相对误差     
x                                  0.0115      0.0110      0.1767   
v_first                            0.0185      0.0185      0.0000   
att_shift_out_0                    0.3523      0.3523      0.0000   
ffn_shift_out_0                    0.2549      0.2503      0.1389   
wkv_out_0                          0.0515      0.0409      0.2457   
最大相对误差 0.2457
### layer9
输出张量                               fp16 幅度     int8 幅度     相对误差     
x                                  0.1164      0.0140      0.9690   
v_first                            0.0185      0.0185      0.0000   
att_shift_out_0                    0.3535      0.3535      0.0000   
ffn_shift_out_0                    0.2865      0.2808      0.2382   
wkv_out_0                          0.0347      0.0262      0.4100   
最大相对误差 0.9690
### layer10
输出张量                               fp16 幅度     int8 幅度     相对误差     
x                                  0.1102      0.1104      0.0404   
v_first                            0.0185      0.0185      0.0000   
att_shift_out_0                    0.2322      0.2322      0.0000   
ffn_shift_out_0                    0.1765      0.1770      0.0297   
wkv_out_0                          0.0503      0.0305      0.4596   
最大相对误差 0.4596
### layer11
输出张量                               fp16 幅度     int8 幅度     相对误差     
x                                  0.1087      0.1093      0.0422   
v_first                            0.0185      0.0185      0.0000   
att_shift_out_0                    0.2321      0.2321      0.0000   
ffn_shift_out_0                    0.1884      0.1885      0.0300   
wkv_out_0                          0.0395      0.0278      0.3785   
最大相对误差 0.3785
### layer12
输出张量                               fp16 幅度     int8 幅度     相对误差     
x                                  0.1072      0.1076      0.0941   
v_first                            0.0185      0.0185      0.0000   
att_shift_out_0                    0.2460      0.2460      0.0000   
ffn_shift_out_0                    0.1917      0.1910      0.0709   
wkv_out_0                          0.0405      0.0269      0.4268   
最大相对误差 0.4268
### layer13
输出张量                               fp16 幅度     int8 幅度     相对误差     
x                                  0.1067      0.1068      0.0543   
v_first                            0.0185      0.0185      0.0000   
att_shift_out_0                    0.2461      0.2461      0.0000   
ffn_shift_out_0                    0.1992      0.1985      0.0376   
wkv_out_0                          0.0456      0.0278      0.4881   
最大相对误差 0.4881
### layer14
输出张量                               fp16 幅度     int8 幅度     相对误差     
x                                  0.1052      0.1060      0.0918   
v_first                            0.0185      0.0185      0.0000   
att_shift_out_0                    0.2466      0.2466      0.0000   
ffn_shift_out_0                    0.2066      0.2064      0.0538   
wkv_out_0                          0.0518      0.0271      0.5499   
最大相对误差 0.5499
### layer15
输出张量                               fp16 幅度     int8 幅度     相对误差     
x                                  0.1042      0.1045      0.0630   
v_first                            0.0185      0.0185      0.0000   
att_shift_out_0                    0.2396      0.2396      0.0000   
ffn_shift_out_0                    0.2010      0.2013      0.0228   
wkv_out_0                          0.0203      0.0170      0.2848   
最大相对误差 0.2848
### layer16
输出张量                               fp16 幅度     int8 幅度     相对误差     
x                                  0.1034      0.1041      0.0900   
v_first                            0.0185      0.0185      0.0000   
att_shift_out_0                    0.2630      0.2630      0.0000   
ffn_shift_out_0                    0.2090      0.2089      0.0521   
wkv_out_0                          0.0565      0.0397      0.4141   
最大相对误差 0.4141
### layer17
输出张量                               fp16 幅度     int8 幅度     相对误差     
x                                  0.1034      0.1034      0.0995   
v_first                            0.0185      0.0185      0.0000   
att_shift_out_0                    0.2552      0.2552      0.0000   
ffn_shift_out_0                    0.2129      0.2121      0.0621   
wkv_out_0                          0.0573      0.0377      0.4224   
最大相对误差 0.4224
### layer18
输出张量                               fp16 幅度     int8 幅度     相对误差     
x                                  0.1037      0.1031      0.1013   
v_first                            0.0185      0.0185      0.0000   
att_shift_out_0                    0.2434      0.2434      0.0000   
ffn_shift_out_0                    0.2385      0.2383      0.0354   
wkv_out_0                          0.0420      0.0305      0.3343   
最大相对误差 0.3343
### layer19
输出张量                               fp16 幅度     int8 幅度     相对误差     
x                                  0.1045      0.1043      0.0910   
v_first                            0.0185      0.0185      0.0000   
att_shift_out_0                    0.2525      0.2525      0.0000   
ffn_shift_out_0                    0.2511      0.2504      0.0521   
wkv_out_0                          0.0496      0.0383      0.3173   
最大相对误差 0.3173
### layer20
输出张量                               fp16 幅度     int8 幅度     相对误差     
x                                  0.1073      0.1057      0.1546   
v_first                            0.0185      0.0185      0.0000   
att_shift_out_0                    0.2522      0.2522      0.0000   
ffn_shift_out_0                    0.2965      0.2947      0.0873   
wkv_out_0                          0.0399      0.0275      0.3990   
最大相对误差 0.3990
### layer21
输出张量                               fp16 幅度     int8 幅度     相对误差     
x                                  0.1103      0.1316      0.7126   
v_first                            0.0185      0.0185      0.0000   
att_shift_out_0                    0.2445      0.2445      0.0000   
ffn_shift_out_0                    0.5081      0.3922      0.4939   
wkv_out_0                          0.0755      0.0505      0.3724   
最大相对误差 0.7126
### layer22
输出张量                               fp16 幅度     int8 幅度     相对误差     
x                                  0.1079      0.1096      0.1596   
v_first                            0.0185      0.0185      0.0000   
att_shift_out_0                    0.3668      0.3668      0.0000   
ffn_shift_out_0                    0.6032      0.6038      0.1348   
wkv_out_0                          0.0517      0.0387      0.3090   
最大相对误差 0.3090
### layer23
输出张量                               fp16 幅度     int8 幅度     相对误差     
x                                  0.1074      0.1075      0.1521   
v_first                            0.0185      0.0185      0.0000   
att_shift_out_0                    0.3710      0.3710      0.0000   
ffn_shift_out_0                    0.6758      0.6756      0.1226   
wkv_out_0                          0.0510      0.0390      0.3790   
最大相对误差 0.3790
### layer24
输出张量                               fp16 幅度     int8 幅度     相对误差     
x                                  0.1098      0.1090      0.2172   
v_first                            0.0185      0.0185      0.0000   
att_shift_out_0                    0.3662      0.3662      0.0000   
ffn_shift_out_0                    0.7546      0.7530      0.1626   
wkv_out_0                          0.0422      0.0291      0.3791   
最大相对误差 0.3791
### layer25
输出张量                               fp16 幅度     int8 幅度     相对误差     
x                                  0.1156      0.1158      0.2228   
v_first                            0.0185      0.0185      0.0000   
att_shift_out_0                    0.4280      0.4280      0.0000   
ffn_shift_out_0                    0.8397      0.8553      0.1929   
wkv_out_0                          0.0542      0.0406      0.3228   
最大相对误差 0.3228
### layer26
输出张量                               fp16 幅度     int8 幅度     相对误差     
x                                  0.2105      0.1759      0.2639   
v_first                            0.0185      0.0185      0.0000   
att_shift_out_0                    0.4461      0.4461      0.0000   
ffn_shift_out_0                    0.9396      0.9355      0.2072   
wkv_out_0                          0.0676      0.0549      0.2792   
最大相对误差 0.2792
### layer27
输出张量                               fp16 幅度     int8 幅度     相对误差     
x                                  0.2102      0.2136      0.1221   
v_first                            0.0185      0.0185      0.0000   
att_shift_out_0                    0.4249      0.4249      0.0000   
ffn_shift_out_0                    0.9826      0.9994      0.0969   
wkv_out_0                          0.0392      0.0329      0.2290   
最大相对误差 0.2290
### layer28
输出张量                               fp16 幅度     int8 幅度     相对误差     
x                                  0.2112      0.2195      0.2002   
v_first                            0.0185      0.0185      0.0000   
att_shift_out_0                    0.4485      0.4485      0.0000   
ffn_shift_out_0                    1.0543      1.0975      0.2081   
wkv_out_0                          0.0404      0.0339      0.2321   
最大相对误差 0.2321
### layer29
输出张量                               fp16 幅度     int8 幅度     相对误差     
x                                  0.2184      0.2167      0.1476   
v_first                            0.0185      0.0185      0.0000   
att_shift_out_0                    0.4327      0.4327      0.0000   
ffn_shift_out_0                    1.1059      1.1023      0.1300   
wkv_out_0                          0.0296      0.0268      0.1641   
最大相对误差 0.1641
### layer30
输出张量                               fp16 幅度     int8 幅度     相对误差     
x                                  0.1869      0.2196      0.6166   
v_first                            0.0185      0.0185      0.0000   
att_shift_out_0                    0.6063      0.6063      0.0000   
ffn_shift_out_0                    0.9229      1.1071      0.5891   
wkv_out_0                          0.0587      0.0473      0.2717   
最大相对误差 0.6166
### layer31
输出张量                               fp16 幅度     int8 幅度     相对误差     
x                                  0.0648      0.0922      1.1158   
v_first                            0.0185      0.0185      0.0000   
att_shift_out_0                    0.8355      0.8355      0.0000   
ffn_shift_out_0                    1.2280      1.3933      0.2795   
wkv_out_0                          0.0766      0.0578      0.4213   
最大相对误差 1.1158
### 完成
